../Core/Src/main.c:70:5:main	16	static
../Core/Src/main.c:141:6:SystemClock_Config	88	static
../Core/Src/main.c:188:6:LCD_SendInternal	32	static
../Core/Src/main.c:196:6:LCD_SendCommand	16	static
../Core/Src/main.c:197:6:LCD_SendData	16	static
../Core/Src/main.c:199:6:LCD_Init	8	static
../Core/Src/main.c:206:6:LCD_Clear	8	static
../Core/Src/main.c:207:6:LCD_SetCursor	16	static
../Core/Src/main.c:210:6:LCD_Print	16	static
../Core/Src/main.c:220:6:SSD1306_WriteCommand	32	static
../Core/Src/main.c:225:6:SSD1306_WriteData	32	static
../Core/Src/main.c:234:6:SSD1306_Init	8	static
../Core/Src/main.c:253:6:SSD1306_UpdateScreen	16	static
../Core/Src/main.c:262:6:SSD1306_Clear	8	static
../Core/Src/main.c:264:6:SSD1306_DrawPixel	16	static
../Core/Src/main.c:272:6:SSD1306_DrawLine	48	static
../Core/Src/main.c:286:6:drawRadarVisualization	96	static
../Core/Src/main.c:323:6:updateDisplayAndLED	40	static
../Core/Src/main.c:354:6:setServoAngle	24	static
../Core/Src/main.c:359:5:calculateDistance	32	static
../Core/Src/main.c:382:6:DWT_Init	4	static
../Core/Src/main.c:388:6:DWT_Delay_us	24	static
../Core/Src/main.c:394:6:radarTask	64	static
../Core/Src/main.c:427:6:Error_Handler	4	static,ignoring_inline_asm
